// Jest Snapshot v1, https://goo.gl/fbAQLP

exports[`SlideHeader component simple header snapshot 1`] = `
<styled.div>
  <styled.div>
    react-genova
  </styled.div>
  <styled.div>
    workshop 01
  </styled.div>
</styled.div>
`;
