// Jest Snapshot v1, https://goo.gl/fbAQLP

exports[`Slide LOVS snapshot check 1`] = `
<styled.div>
  <styled.div>
    <CardDeveloperTools
      onClick={[Function]}
    />
  </styled.div>
  <styled.div>
    <CardReact
      onClick={[Function]}
    />
  </styled.div>
  <styled.div>
    <CardTesting
      onClick={[Function]}
    />
  </styled.div>
  <styled.div>
    <CardRedux
      onClick={[Function]}
    />
  </styled.div>
  <styled.div>
    <CardLibraries
      onClick={[Function]}
    />
  </styled.div>
  <styled.div>
    <CardStudy
      onClick={[Function]}
    />
  </styled.div>
</styled.div>
`;
