// Jest Snapshot v1, https://goo.gl/fbAQLP

exports[`App snapshot 1`] = `
<div>
  <Segment
    inverted={true}
    style={
      Object {
        "minHeight": "5em",
        "padding": "1em 0em",
      }
    }
    textAlign="center"
  >
    <Header>
      A tested app
    </Header>
  </Segment>
  <Container>
    <Refetch.connect(MovieContainer) />
  </Container>
</div>
`;
