// Jest Snapshot v1, https://goo.gl/fbAQLP

exports[`SlideNavigator component simple header snapshot 1`] = `
<styled.div>
  <styled.div
    onClick={[Function]}
  >
    <styled.div />
  </styled.div>
  <styled.div
    onClick={[Function]}
  >
    <styled.div />
  </styled.div>
</styled.div>
`;
