// Jest Snapshot v1, https://goo.gl/fbAQLP

exports[`Slide Conclusions snapshot check 1`] = `
<styled.div>
  <CardConclusions />
</styled.div>
`;
